// Jest Snapshot v1, https://goo.gl/fbAQLP

exports[`CardAutocomplete component snapshot 1`] = `
<p>
  This is a card autocomplete
</p>
`;
